// Jest Snapshot v1, https://goo.gl/fbAQLP

exports[`MainComponent should match snapshot 1`] = `
<div
  id="root0"
>
  <h1
    class="text-4xl text-pink-700"
  >
     RxJS - Core Concept

  </h1>
  <section
    class="flex mt-4"
  >
    <app-slider />
  </section>
</div>
`;
