// Jest Snapshot v1, https://goo.gl/fbAQLP

exports[`MainComponent should match snapshot 1`] = `
<div
  id="root0"
>
  <div
    class="slider"
  >
    <div
      class="slider__button"
    />
  </div>
</div>
`;
